2026-06-15 18:15:14.414 INFO  [http-nio-8081-exec-5] com.enotes.aspect.LoggingAspect - Start Calling :: JwtServiceImpl :: extractUsername()
2026-06-15 18:15:20.768 INFO  [http-nio-8081-exec-8] com.enotes.aspect.LoggingAspect - Start Calling :: JwtServiceImpl :: extractUsername()
2026-06-15 18:15:20.768 INFO  [http-nio-8081-exec-8] com.enotes.aspect.LoggingAspect - End Calling :: JwtServiceImpl :: extractUsername() :: 0 ms
2026-06-15 18:15:20.775 INFO  [http-nio-8081-exec-8] com.enotes.aspect.LoggingAspect - Start Calling :: JwtServiceImpl :: validateToken()
2026-06-15 18:15:20.776 INFO  [http-nio-8081-exec-8] com.enotes.aspect.LoggingAspect - End Calling :: JwtServiceImpl :: validateToken() :: 0 ms
2026-06-15 18:15:20.778 INFO  [http-nio-8081-exec-8] com.enotes.aspect.LoggingAspect - Start Calling :: CacheController :: getAllCache()
2026-06-15 18:15:20.779 INFO  [http-nio-8081-exec-8] com.enotes.aspect.LoggingAspect - Start Calling :: CacheManagerServiceImpl :: getCache()
2026-06-15 18:15:20.779 INFO  [http-nio-8081-exec-8] c.enotes.controller.HomeController - Cache Name: org.springframework.cache.concurrent.ConcurrentMapCache@2a5f93e1
2026-06-15 18:15:20.779 INFO  [http-nio-8081-exec-8] c.enotes.controller.HomeController - Cache Name: org.springframework.cache.concurrent.ConcurrentMapCache@4f6bf111
2026-06-15 18:15:20.779 INFO  [http-nio-8081-exec-8] com.enotes.aspect.LoggingAspect - End Calling :: CacheManagerServiceImpl :: getCache() :: 0 ms
2026-06-15 18:15:20.779 INFO  [http-nio-8081-exec-8] com.enotes.aspect.LoggingAspect - End Calling :: CacheController :: getAllCache() :: 0 ms
2026-06-15 18:15:49.918 INFO  [http-nio-8081-exec-7] com.enotes.aspect.LoggingAspect - Start Calling :: JwtServiceImpl :: extractUsername()
2026-06-15 18:15:49.919 INFO  [http-nio-8081-exec-7] com.enotes.aspect.LoggingAspect - End Calling :: JwtServiceImpl :: extractUsername() :: 1 ms
2026-06-15 18:15:49.928 INFO  [http-nio-8081-exec-7] com.enotes.aspect.LoggingAspect - Start Calling :: JwtServiceImpl :: validateToken()
2026-06-15 18:15:49.929 INFO  [http-nio-8081-exec-7] com.enotes.aspect.LoggingAspect - End Calling :: JwtServiceImpl :: validateToken() :: 1 ms
2026-06-15 18:15:49.932 INFO  [http-nio-8081-exec-7] com.enotes.aspect.LoggingAspect - Start Calling :: CacheController :: getCache()
2026-06-15 18:15:49.932 INFO  [http-nio-8081-exec-7] com.enotes.aspect.LoggingAspect - Start Calling :: CacheManagerServiceImpl :: getCacheName()
2026-06-15 18:15:49.932 INFO  [http-nio-8081-exec-7] c.enotes.controller.HomeController - Cache Name: org.springframework.cache.concurrent.ConcurrentMapCache@2a5f93e1
2026-06-15 18:15:49.932 INFO  [http-nio-8081-exec-7] com.enotes.aspect.LoggingAspect - End Calling :: CacheManagerServiceImpl :: getCacheName() :: 0 ms
2026-06-15 18:15:49.932 INFO  [http-nio-8081-exec-7] com.enotes.aspect.LoggingAspect - End Calling :: CacheController :: getCache() :: 0 ms
