2026-07-38 17:38:19.750 INFO  [main] o.s.t.c.s.AnnotationConfigContextLoaderUtils - Could not detect default configuration classes for test class [com.enotes.integration.CategoryServiceIntegrationTest]: CategoryServiceIntegrationTest does not declare any static, non-private, non-final, nested classes annotated with @Configuration.
2026-07-38 17:38:19.909 INFO  [main] o.s.b.t.c.SpringBootTestContextBootstrapper - Found @SpringBootConfiguration com.enotes.EnotesApiServiceApplication for test class com.enotes.integration.CategoryServiceIntegrationTest
2026-07-38 17:38:20.081 INFO  [main] o.s.b.d.r.RestartApplicationListener - Restart disabled due to context in which it is running
2026-07-38 17:38:20.478 INFO  [main] c.e.i.CategoryServiceIntegrationTest - Starting CategoryServiceIntegrationTest using Java 21.0.8 with PID 47784 (started by BAPURAYA MANE in E:\Spring Boot\Springboot_Workspace\enotes-api-service)
2026-07-38 17:38:20.479 INFO  [main] c.e.i.CategoryServiceIntegrationTest - The following 1 profile is active: "dev"
2026-07-38 17:38:21.084 INFO  [background-preinit] o.h.validator.internal.util.Version - HV000001: Hibernate Validator 9.0.1.Final
2026-07-38 17:38:22.184 INFO  [main] o.s.d.r.c.RepositoryConfigurationDelegate - Bootstrapping Spring Data JPA repositories in DEFAULT mode.
2026-07-38 17:38:22.306 INFO  [main] o.s.d.r.c.RepositoryConfigurationDelegate - Finished Spring Data repository scanning in 104 ms. Found 7 JPA repository interfaces.
2026-07-38 17:38:23.666 INFO  [main] org.hibernate.orm.jpa - HHH008540: Processing PersistenceUnitInfo [name: default]
2026-07-38 17:38:23.773 INFO  [main] org.hibernate.orm.core - HHH000001: Hibernate ORM core version 7.2.0.Final
2026-07-38 17:38:24.459 INFO  [main] o.s.o.j.p.SpringPersistenceUnitInfo - No LoadTimeWeaver setup: ignoring JPA class transformer
2026-07-38 17:38:24.498 INFO  [main] com.zaxxer.hikari.HikariDataSource - HikariPool-1 - Starting...
2026-07-38 17:38:24.984 INFO  [main] com.zaxxer.hikari.pool.HikariPool - HikariPool-1 - Added connection com.mysql.cj.jdbc.ConnectionImpl@44846c76
2026-07-38 17:38:24.987 INFO  [main] com.zaxxer.hikari.HikariDataSource - HikariPool-1 - Start completed.
2026-07-38 17:38:25.075 WARN  [main] org.hibernate.orm.deprecation - HHH90000025: MySQLDialect does not need to be specified explicitly using 'hibernate.dialect' (remove the property setting and it will be selected by default)
2026-07-38 17:38:25.108 INFO  [main] o.hibernate.orm.connections.pooling - HHH10001005: Database info:
	Database JDBC URL [jdbc:mysql://localhost:3306/enotes_db_dev]
	Database driver: MySQL Connector/J
	Database dialect: MySQLDialect
	Database version: 8.0.42
	Default catalog/schema: enotes_db_dev/undefined
	Autocommit mode: undefined/unknown
	Isolation level: REPEATABLE_READ [default REPEATABLE_READ]
	JDBC fetch size: none
	Pool: DataSourceConnectionProvider
	Minimum pool size: undefined/unknown
	Maximum pool size: undefined/unknown
2026-07-38 17:38:26.501 INFO  [main] org.hibernate.orm.core - HHH000489: No JTA platform available (set 'hibernate.transaction.jta.platform' to enable JTA platform integration)
2026-07-38 17:38:26.512 INFO  [main] o.s.o.j.LocalContainerEntityManagerFactoryBean - Initialized JPA EntityManagerFactory for persistence unit 'default'
2026-07-38 17:38:26.862 INFO  [main] o.s.d.j.r.q.QueryEnhancerFactories - Hibernate is in classpath; If applicable, HQL parser will be used.
2026-07-38 17:38:27.518 INFO  [main] o.s.s.c.a.a.c.InitializeAuthenticationProviderBeanManagerConfigurer$InitializeAuthenticationProviderManagerConfigurer - Global AuthenticationManager configured with AuthenticationProvider bean with name daoAuthenticationProvider
2026-07-38 17:38:27.519 WARN  [main] o.s.s.c.a.a.c.InitializeUserDetailsBeanManagerConfigurer$InitializeUserDetailsManagerConfigurer - Global AuthenticationManager configured with an AuthenticationProvider bean. UserDetailsService beans will not be used by Spring Security for automatically configuring username/password login. Consider removing the AuthenticationProvider bean. Alternatively, consider using the UserDetailsService in a manually instantiated DaoAuthenticationProvider. If the current configuration is intentional, to turn off this warning, increase the logging level of 'org.springframework.security.config.annotation.authentication.configuration.InitializeUserDetailsBeanManagerConfigurer' to ERROR
2026-07-38 17:38:29.748 WARN  [main] o.s.b.j.a.JpaBaseConfiguration$JpaWebConfiguration - spring.jpa.open-in-view is enabled by default. Therefore, database queries may be performed during view rendering. Explicitly configure spring.jpa.open-in-view to disable this warning
2026-07-38 17:38:31.633 INFO  [main] o.s.b.t.m.w.SpringBootMockServletContext - Initializing Spring TestDispatcherServlet ''
2026-07-38 17:38:31.633 INFO  [main] o.s.t.w.s.TestDispatcherServlet - Initializing Servlet ''
2026-07-38 17:38:31.646 INFO  [main] o.s.b.a.e.web.EndpointLinksResolver - Exposing 14 endpoints beneath base path '/actuator'
2026-07-38 17:38:31.671 INFO  [main] o.s.t.w.s.TestDispatcherServlet - Completed initialization in 38 ms
2026-07-38 17:38:31.774 INFO  [main] c.e.i.CategoryServiceIntegrationTest - Started CategoryServiceIntegrationTest in 11.707 seconds (process running for 13.419)
2026-07-38 17:38:32.339 INFO  [main] com.enotes.aspect.LoggingAspect - Start Calling :: CategoryServiceImpl :: getActiveCategory()
2026-07-38 17:38:32.545 INFO  [main] com.enotes.aspect.LoggingAspect - End Calling :: CategoryServiceImpl :: getActiveCategory() :: 206 ms
2026-07-38 17:38:32.571 INFO  [main] com.enotes.aspect.LoggingAspect - Start Calling :: CategoryServiceImpl :: getCategoryById()
2026-07-38 17:38:32.600 INFO  [main] com.enotes.aspect.LoggingAspect - Start Calling :: CategoryServiceImpl :: getAllCategory()
2026-07-38 17:38:32.614 INFO  [main] com.enotes.aspect.LoggingAspect - End Calling :: CategoryServiceImpl :: getAllCategory() :: 14 ms
2026-07-38 17:38:32.620 INFO  [main] com.enotes.aspect.LoggingAspect - Start Calling :: CategoryServiceImpl :: saveCategory()
2026-07-38 17:38:32.676 INFO  [main] com.enotes.aspect.LoggingAspect - Start Calling :: CategoryServiceImpl :: saveCategory()
2026-07-38 17:38:32.690 INFO  [main] com.enotes.aspect.LoggingAspect - Start Calling :: CategoryServiceImpl :: saveCategory()
2026-07-38 17:38:32.703 INFO  [main] com.enotes.aspect.LoggingAspect - Start Calling :: CategoryServiceImpl :: saveCategory()
2026-07-38 17:38:32.715 INFO  [main] com.enotes.aspect.LoggingAspect - Start Calling :: CategoryServiceImpl :: deleteCategoryDetailsById()
2026-07-38 17:38:32.736 INFO  [main] com.enotes.aspect.LoggingAspect - End Calling :: CategoryServiceImpl :: deleteCategoryDetailsById() :: 19 ms
2026-07-38 17:38:32.742 INFO  [main] com.enotes.aspect.LoggingAspect - Start Calling :: CategoryServiceImpl :: saveCategory()
2026-07-38 17:38:32.754 INFO  [main] com.enotes.aspect.LoggingAspect - Start Calling :: CategoryServiceImpl :: saveCategory()
2026-07-38 17:38:32.783 INFO  [SpringApplicationShutdownHook] o.s.o.j.LocalContainerEntityManagerFactoryBean - Closing JPA EntityManagerFactory for persistence unit 'default'
2026-07-38 17:38:32.786 INFO  [SpringApplicationShutdownHook] com.zaxxer.hikari.HikariDataSource - HikariPool-1 - Shutdown initiated...
2026-07-38 17:38:32.796 INFO  [SpringApplicationShutdownHook] com.zaxxer.hikari.HikariDataSource - HikariPool-1 - Shutdown completed.
