2026-06-19 18:19:09.656 INFO  [http-nio-8081-exec-5] com.enotes.aspect.LoggingAspect - Start Calling :: JwtServiceImpl :: extractUsername()
2026-06-19 18:19:09.660 INFO  [http-nio-8081-exec-5] com.enotes.aspect.LoggingAspect - End Calling :: JwtServiceImpl :: extractUsername() :: 1 ms
2026-06-19 18:19:09.667 INFO  [http-nio-8081-exec-5] com.enotes.aspect.LoggingAspect - Start Calling :: JwtServiceImpl :: validateToken()
2026-06-19 18:19:09.668 INFO  [http-nio-8081-exec-5] com.enotes.aspect.LoggingAspect - End Calling :: JwtServiceImpl :: validateToken() :: 1 ms
2026-06-19 18:19:09.669 INFO  [http-nio-8081-exec-5] com.enotes.aspect.LoggingAspect - Start Calling :: CacheController :: getCache()
2026-06-19 18:19:09.669 INFO  [http-nio-8081-exec-5] com.enotes.aspect.LoggingAspect - Start Calling :: CacheManagerServiceImpl :: getCacheName()
2026-06-19 18:19:09.676 INFO  [http-nio-8081-exec-5] c.enotes.controller.HomeController - Cache Name: org.springframework.cache.concurrent.ConcurrentMapCache@2a5f93e1
2026-06-19 18:19:09.676 INFO  [http-nio-8081-exec-5] com.enotes.aspect.LoggingAspect - End Calling :: CacheManagerServiceImpl :: getCacheName() :: 0 ms
2026-06-19 18:19:09.676 INFO  [http-nio-8081-exec-5] com.enotes.aspect.LoggingAspect - End Calling :: CacheController :: getCache() :: 7 ms
2026-06-19 18:19:18.624 INFO  [http-nio-8081-exec-8] com.enotes.aspect.LoggingAspect - Start Calling :: JwtServiceImpl :: extractUsername()
2026-06-19 18:19:18.626 INFO  [http-nio-8081-exec-8] com.enotes.aspect.LoggingAspect - End Calling :: JwtServiceImpl :: extractUsername() :: 0 ms
2026-06-19 18:19:18.633 INFO  [http-nio-8081-exec-8] com.enotes.aspect.LoggingAspect - Start Calling :: JwtServiceImpl :: validateToken()
2026-06-19 18:19:18.634 INFO  [http-nio-8081-exec-8] com.enotes.aspect.LoggingAspect - End Calling :: JwtServiceImpl :: validateToken() :: 1 ms
2026-06-19 18:19:18.635 INFO  [http-nio-8081-exec-8] com.enotes.aspect.LoggingAspect - Start Calling :: CategoryController :: getAllCategory()
2026-06-19 18:19:18.635 INFO  [http-nio-8081-exec-8] com.enotes.aspect.LoggingAspect - End Calling :: CategoryController :: getAllCategory() :: 0 ms
2026-06-19 18:19:36.401 INFO  [http-nio-8081-exec-7] com.enotes.aspect.LoggingAspect - Start Calling :: JwtServiceImpl :: extractUsername()
2026-06-19 18:19:36.402 INFO  [http-nio-8081-exec-7] com.enotes.aspect.LoggingAspect - End Calling :: JwtServiceImpl :: extractUsername() :: 1 ms
2026-06-19 18:19:36.410 INFO  [http-nio-8081-exec-7] com.enotes.aspect.LoggingAspect - Start Calling :: JwtServiceImpl :: validateToken()
2026-06-19 18:19:36.411 INFO  [http-nio-8081-exec-7] com.enotes.aspect.LoggingAspect - End Calling :: JwtServiceImpl :: validateToken() :: 1 ms
2026-06-19 18:19:36.412 INFO  [http-nio-8081-exec-7] com.enotes.aspect.LoggingAspect - Start Calling :: CategoryController :: getAllCategory()
2026-06-19 18:19:36.413 INFO  [http-nio-8081-exec-7] com.enotes.aspect.LoggingAspect - End Calling :: CategoryController :: getAllCategory() :: 0 ms
