2026-06-47 16:47:29.398 INFO  [restartedMain] c.enotes.EnotesApiServiceApplication - Starting EnotesApiServiceApplication using Java 21.0.8 with PID 50720 (E:\Spring Boot\Springboot_Workspace\enotes-api-service\target\classes started by BAPURAYA MANE in E:\Spring Boot\Springboot_Workspace\enotes-api-service)
2026-06-47 16:47:29.402 INFO  [restartedMain] c.enotes.EnotesApiServiceApplication - The following 1 profile is active: "dev"
2026-06-47 16:47:29.467 INFO  [restartedMain] o.s.b.d.e.DevToolsPropertyDefaultsPostProcessor - Devtools property defaults active! Set 'spring.devtools.add-properties' to 'false' to disable
2026-06-47 16:47:29.467 INFO  [restartedMain] o.s.b.d.e.DevToolsPropertyDefaultsPostProcessor - For additional web related logging consider setting the 'logging.level.web' property to 'DEBUG'
2026-06-47 16:47:29.766 INFO  [background-preinit] o.h.validator.internal.util.Version - HV000001: Hibernate Validator 9.0.1.Final
2026-06-47 16:47:31.756 INFO  [restartedMain] o.s.d.r.c.RepositoryConfigurationDelegate - Bootstrapping Spring Data JPA repositories in DEFAULT mode.
2026-06-47 16:47:31.835 INFO  [restartedMain] o.s.d.r.c.RepositoryConfigurationDelegate - Finished Spring Data repository scanning in 67 ms. Found 7 JPA repository interfaces.
2026-06-47 16:47:32.952 INFO  [restartedMain] o.s.boot.tomcat.TomcatWebServer - Tomcat initialized with port 8081 (http)
2026-06-47 16:47:32.970 INFO  [restartedMain] o.a.coyote.http11.Http11NioProtocol - Initializing ProtocolHandler ["http-nio-8081"]
2026-06-47 16:47:32.971 INFO  [restartedMain] o.a.catalina.core.StandardService - Starting service [Tomcat]
2026-06-47 16:47:32.971 INFO  [restartedMain] o.a.catalina.core.StandardEngine - Starting Servlet engine: [Apache Tomcat/11.0.15]
2026-06-47 16:47:33.048 INFO  [restartedMain] o.s.b.w.c.s.WebApplicationContextInitializer - Root WebApplicationContext: initialization completed in 3579 ms
2026-06-47 16:47:33.434 INFO  [restartedMain] org.hibernate.orm.jpa - HHH008540: Processing PersistenceUnitInfo [name: default]
2026-06-47 16:47:33.542 INFO  [restartedMain] org.hibernate.orm.core - HHH000001: Hibernate ORM core version 7.2.0.Final
2026-06-47 16:47:34.192 INFO  [restartedMain] o.s.o.j.p.SpringPersistenceUnitInfo - No LoadTimeWeaver setup: ignoring JPA class transformer
2026-06-47 16:47:34.245 INFO  [restartedMain] com.zaxxer.hikari.HikariDataSource - HikariPool-1 - Starting...
2026-06-47 16:47:34.608 INFO  [restartedMain] com.zaxxer.hikari.pool.HikariPool - HikariPool-1 - Added connection com.mysql.cj.jdbc.ConnectionImpl@1f4ab0a
2026-06-47 16:47:34.610 INFO  [restartedMain] com.zaxxer.hikari.HikariDataSource - HikariPool-1 - Start completed.
2026-06-47 16:47:34.713 WARN  [restartedMain] org.hibernate.orm.deprecation - HHH90000025: MySQLDialect does not need to be specified explicitly using 'hibernate.dialect' (remove the property setting and it will be selected by default)
2026-06-47 16:47:34.747 INFO  [restartedMain] o.hibernate.orm.connections.pooling - HHH10001005: Database info:
	Database JDBC URL [jdbc:mysql://localhost:3306/enotes_db_dev]
	Database driver: MySQL Connector/J
	Database dialect: MySQLDialect
	Database version: 8.0.42
	Default catalog/schema: enotes_db_dev/undefined
	Autocommit mode: undefined/unknown
	Isolation level: REPEATABLE_READ [default REPEATABLE_READ]
	JDBC fetch size: none
	Pool: DataSourceConnectionProvider
	Minimum pool size: undefined/unknown
	Maximum pool size: undefined/unknown
2026-06-47 16:47:36.151 INFO  [restartedMain] org.hibernate.orm.core - HHH000489: No JTA platform available (set 'hibernate.transaction.jta.platform' to enable JTA platform integration)
2026-06-47 16:47:36.162 INFO  [restartedMain] o.s.o.j.LocalContainerEntityManagerFactoryBean - Initialized JPA EntityManagerFactory for persistence unit 'default'
2026-06-47 16:47:36.355 INFO  [restartedMain] o.s.d.j.r.q.QueryEnhancerFactories - Hibernate is in classpath; If applicable, HQL parser will be used.
2026-06-47 16:47:36.947 INFO  [restartedMain] o.s.s.c.a.a.c.InitializeAuthenticationProviderBeanManagerConfigurer$InitializeAuthenticationProviderManagerConfigurer - Global AuthenticationManager configured with AuthenticationProvider bean with name daoAuthenticationProvider
2026-06-47 16:47:36.947 WARN  [restartedMain] o.s.s.c.a.a.c.InitializeUserDetailsBeanManagerConfigurer$InitializeUserDetailsManagerConfigurer - Global AuthenticationManager configured with an AuthenticationProvider bean. UserDetailsService beans will not be used by Spring Security for automatically configuring username/password login. Consider removing the AuthenticationProvider bean. Alternatively, consider using the UserDetailsService in a manually instantiated DaoAuthenticationProvider. If the current configuration is intentional, to turn off this warning, increase the logging level of 'org.springframework.security.config.annotation.authentication.configuration.InitializeUserDetailsBeanManagerConfigurer' to ERROR
2026-06-47 16:47:38.885 WARN  [restartedMain] o.s.b.j.a.JpaBaseConfiguration$JpaWebConfiguration - spring.jpa.open-in-view is enabled by default. Therefore, database queries may be performed during view rendering. Explicitly configure spring.jpa.open-in-view to disable this warning
2026-06-47 16:47:40.474 INFO  [restartedMain] o.s.b.a.e.web.EndpointLinksResolver - Exposing 14 endpoints beneath base path '/actuator'
2026-06-47 16:47:40.587 INFO  [restartedMain] o.a.coyote.http11.Http11NioProtocol - Starting ProtocolHandler ["http-nio-8081"]
2026-06-47 16:47:40.608 INFO  [restartedMain] o.s.boot.tomcat.TomcatWebServer - Tomcat started on port 8081 (http) with context path '/'
2026-06-47 16:47:40.622 INFO  [restartedMain] c.enotes.EnotesApiServiceApplication - Started EnotesApiServiceApplication in 11.668 seconds (process running for 12.797)
2026-06-47 16:47:40.786 INFO  [http-nio-8081-exec-2] o.a.c.c.C.[Tomcat].[localhost].[/] - Initializing Spring DispatcherServlet 'dispatcherServlet'
2026-06-47 16:47:40.787 INFO  [http-nio-8081-exec-2] o.s.web.servlet.DispatcherServlet - Initializing Servlet 'dispatcherServlet'
2026-06-47 16:47:40.789 INFO  [http-nio-8081-exec-2] o.s.web.servlet.DispatcherServlet - Completed initialization in 2 ms
2026-06-47 16:47:40.922 INFO  [http-nio-8081-exec-2] com.enotes.aspect.LoggingAspect - Start Calling :: AuthController :: login()
2026-06-47 16:47:40.923 INFO  [http-nio-8081-exec-2] com.enotes.aspect.LoggingAspect - Start Calling :: AuthServiceImpl :: login()
2026-06-47 16:47:41.315 INFO  [http-nio-8081-exec-2] com.enotes.aspect.LoggingAspect - Start Calling :: JwtServiceImpl :: generateToken()
2026-06-47 16:47:41.501 INFO  [http-nio-8081-exec-2] com.enotes.aspect.LoggingAspect - End Calling :: JwtServiceImpl :: generateToken() :: 186 ms
2026-06-47 16:47:41.538 INFO  [http-nio-8081-exec-2] com.enotes.aspect.LoggingAspect - End Calling :: AuthServiceImpl :: login() :: 615 ms
2026-06-47 16:47:41.541 INFO  [http-nio-8081-exec-2] com.enotes.aspect.LoggingAspect - End Calling :: AuthController :: login() :: 619 ms
2026-06-47 16:47:55.186 INFO  [http-nio-8081-exec-3] com.enotes.aspect.LoggingAspect - Start Calling :: JwtServiceImpl :: extractUsername()
2026-06-47 16:47:55.237 INFO  [http-nio-8081-exec-3] com.enotes.aspect.LoggingAspect - End Calling :: JwtServiceImpl :: extractUsername() :: 50 ms
2026-06-47 16:47:55.275 INFO  [http-nio-8081-exec-3] com.enotes.aspect.LoggingAspect - Start Calling :: JwtServiceImpl :: validateToken()
2026-06-47 16:47:55.278 INFO  [http-nio-8081-exec-3] com.enotes.aspect.LoggingAspect - End Calling :: JwtServiceImpl :: validateToken() :: 3 ms
2026-06-47 16:47:55.292 INFO  [http-nio-8081-exec-3] com.enotes.aspect.LoggingAspect - Start Calling :: CategoryController :: getAllCategory()
2026-06-47 16:47:55.295 INFO  [http-nio-8081-exec-3] com.enotes.aspect.LoggingAspect - Start Calling :: CategoryServiceImpl :: getAllCategory()
2026-06-47 16:47:55.320 INFO  [http-nio-8081-exec-3] com.enotes.aspect.LoggingAspect - End Calling :: CategoryServiceImpl :: getAllCategory() :: 25 ms
2026-06-47 16:47:55.321 INFO  [http-nio-8081-exec-3] com.enotes.aspect.LoggingAspect - End Calling :: CategoryController :: getAllCategory() :: 29 ms
2026-06-47 16:47:57.784 INFO  [http-nio-8081-exec-4] com.enotes.aspect.LoggingAspect - Start Calling :: JwtServiceImpl :: extractUsername()
2026-06-47 16:47:57.784 INFO  [http-nio-8081-exec-4] com.enotes.aspect.LoggingAspect - End Calling :: JwtServiceImpl :: extractUsername() :: 0 ms
2026-06-47 16:47:57.793 INFO  [http-nio-8081-exec-4] com.enotes.aspect.LoggingAspect - Start Calling :: JwtServiceImpl :: validateToken()
2026-06-47 16:47:57.794 INFO  [http-nio-8081-exec-4] com.enotes.aspect.LoggingAspect - End Calling :: JwtServiceImpl :: validateToken() :: 1 ms
2026-06-47 16:47:57.797 INFO  [http-nio-8081-exec-4] com.enotes.aspect.LoggingAspect - Start Calling :: CategoryController :: getAllCategory()
2026-06-47 16:47:57.799 INFO  [http-nio-8081-exec-4] com.enotes.aspect.LoggingAspect - End Calling :: CategoryController :: getAllCategory() :: 2 ms
2026-06-47 16:47:59.391 INFO  [http-nio-8081-exec-5] com.enotes.aspect.LoggingAspect - Start Calling :: JwtServiceImpl :: extractUsername()
2026-06-47 16:47:59.392 INFO  [http-nio-8081-exec-5] com.enotes.aspect.LoggingAspect - End Calling :: JwtServiceImpl :: extractUsername() :: 1 ms
2026-06-47 16:47:59.401 INFO  [http-nio-8081-exec-5] com.enotes.aspect.LoggingAspect - Start Calling :: JwtServiceImpl :: validateToken()
2026-06-47 16:47:59.402 INFO  [http-nio-8081-exec-5] com.enotes.aspect.LoggingAspect - End Calling :: JwtServiceImpl :: validateToken() :: 1 ms
2026-06-47 16:47:59.404 INFO  [http-nio-8081-exec-5] com.enotes.aspect.LoggingAspect - Start Calling :: CategoryController :: getAllCategory()
2026-06-47 16:47:59.405 INFO  [http-nio-8081-exec-5] com.enotes.aspect.LoggingAspect - End Calling :: CategoryController :: getAllCategory() :: 0 ms
