2026-07-25 14:25:12.246 INFO  [main] o.s.t.c.s.AnnotationConfigContextLoaderUtils - Could not detect default configuration classes for test class [com.enotes.integration.CategoryIntegrationTest]: CategoryIntegrationTest does not declare any static, non-private, non-final, nested classes annotated with @Configuration.
2026-07-25 14:25:12.393 INFO  [main] o.s.b.t.c.SpringBootTestContextBootstrapper - Found @SpringBootConfiguration com.enotes.EnotesApiServiceApplication for test class com.enotes.integration.CategoryIntegrationTest
2026-07-25 14:25:12.565 INFO  [main] o.s.b.d.r.RestartApplicationListener - Restart disabled due to context in which it is running
2026-07-25 14:25:12.964 INFO  [main] c.e.i.CategoryIntegrationTest - Starting CategoryIntegrationTest using Java 21.0.8 with PID 53828 (started by BAPURAYA MANE in E:\Spring Boot\Springboot_Workspace\enotes-api-service)
2026-07-25 14:25:12.971 INFO  [main] c.e.i.CategoryIntegrationTest - The following 1 profile is active: "dev"
2026-07-25 14:25:13.506 INFO  [background-preinit] o.h.validator.internal.util.Version - HV000001: Hibernate Validator 9.0.1.Final
2026-07-25 14:25:14.453 INFO  [main] o.s.d.r.c.RepositoryConfigurationDelegate - Bootstrapping Spring Data JPA repositories in DEFAULT mode.
2026-07-25 14:25:14.600 INFO  [main] o.s.d.r.c.RepositoryConfigurationDelegate - Finished Spring Data repository scanning in 134 ms. Found 7 JPA repository interfaces.
2026-07-25 14:25:15.686 INFO  [main] org.hibernate.orm.jpa - HHH008540: Processing PersistenceUnitInfo [name: default]
2026-07-25 14:25:15.749 INFO  [main] org.hibernate.orm.core - HHH000001: Hibernate ORM core version 7.2.0.Final
2026-07-25 14:25:16.306 INFO  [main] o.s.o.j.p.SpringPersistenceUnitInfo - No LoadTimeWeaver setup: ignoring JPA class transformer
2026-07-25 14:25:16.338 INFO  [main] com.zaxxer.hikari.HikariDataSource - HikariPool-1 - Starting...
2026-07-25 14:25:16.776 INFO  [main] com.zaxxer.hikari.pool.HikariPool - HikariPool-1 - Added connection com.mysql.cj.jdbc.ConnectionImpl@3857c5d5
2026-07-25 14:25:16.780 INFO  [main] com.zaxxer.hikari.HikariDataSource - HikariPool-1 - Start completed.
2026-07-25 14:25:16.850 WARN  [main] org.hibernate.orm.deprecation - HHH90000025: MySQLDialect does not need to be specified explicitly using 'hibernate.dialect' (remove the property setting and it will be selected by default)
2026-07-25 14:25:16.880 INFO  [main] o.hibernate.orm.connections.pooling - HHH10001005: Database info:
	Database JDBC URL [jdbc:mysql://localhost:3306/enotes_db_dev]
	Database driver: MySQL Connector/J
	Database dialect: MySQLDialect
	Database version: 8.0.42
	Default catalog/schema: enotes_db_dev/undefined
	Autocommit mode: undefined/unknown
	Isolation level: REPEATABLE_READ [default REPEATABLE_READ]
	JDBC fetch size: none
	Pool: DataSourceConnectionProvider
	Minimum pool size: undefined/unknown
	Maximum pool size: undefined/unknown
2026-07-25 14:25:18.054 INFO  [main] org.hibernate.orm.core - HHH000489: No JTA platform available (set 'hibernate.transaction.jta.platform' to enable JTA platform integration)
2026-07-25 14:25:18.063 INFO  [main] o.s.o.j.LocalContainerEntityManagerFactoryBean - Initialized JPA EntityManagerFactory for persistence unit 'default'
2026-07-25 14:25:18.356 INFO  [main] o.s.d.j.r.q.QueryEnhancerFactories - Hibernate is in classpath; If applicable, HQL parser will be used.
2026-07-25 14:25:18.862 INFO  [main] o.s.s.c.a.a.c.InitializeAuthenticationProviderBeanManagerConfigurer$InitializeAuthenticationProviderManagerConfigurer - Global AuthenticationManager configured with AuthenticationProvider bean with name daoAuthenticationProvider
2026-07-25 14:25:18.863 WARN  [main] o.s.s.c.a.a.c.InitializeUserDetailsBeanManagerConfigurer$InitializeUserDetailsManagerConfigurer - Global AuthenticationManager configured with an AuthenticationProvider bean. UserDetailsService beans will not be used by Spring Security for automatically configuring username/password login. Consider removing the AuthenticationProvider bean. Alternatively, consider using the UserDetailsService in a manually instantiated DaoAuthenticationProvider. If the current configuration is intentional, to turn off this warning, increase the logging level of 'org.springframework.security.config.annotation.authentication.configuration.InitializeUserDetailsBeanManagerConfigurer' to ERROR
2026-07-25 14:25:20.995 WARN  [main] o.s.b.j.a.JpaBaseConfiguration$JpaWebConfiguration - spring.jpa.open-in-view is enabled by default. Therefore, database queries may be performed during view rendering. Explicitly configure spring.jpa.open-in-view to disable this warning
2026-07-25 14:25:22.831 INFO  [main] o.s.b.t.m.w.SpringBootMockServletContext - Initializing Spring TestDispatcherServlet ''
2026-07-25 14:25:22.832 INFO  [main] o.s.t.w.s.TestDispatcherServlet - Initializing Servlet ''
2026-07-25 14:25:22.842 INFO  [main] o.s.b.a.e.web.EndpointLinksResolver - Exposing 14 endpoints beneath base path '/actuator'
2026-07-25 14:25:22.868 INFO  [main] o.s.t.w.s.TestDispatcherServlet - Completed initialization in 35 ms
2026-07-25 14:25:22.981 INFO  [main] c.e.i.CategoryIntegrationTest - Started CategoryIntegrationTest in 10.43 seconds (process running for 12.129)
2026-07-25 14:25:23.743 INFO  [main] com.enotes.aspect.LoggingAspect - Start Calling :: AuthController :: login()
2026-07-25 14:25:23.744 INFO  [main] com.enotes.aspect.LoggingAspect - Start Calling :: AuthServiceImpl :: login()
2026-07-25 14:25:24.053 INFO  [main] com.enotes.aspect.LoggingAspect - Start Calling :: JwtServiceImpl :: generateToken()
2026-07-25 14:25:24.138 INFO  [main] com.enotes.aspect.LoggingAspect - End Calling :: JwtServiceImpl :: generateToken() :: 85 ms
2026-07-25 14:25:24.166 INFO  [main] com.enotes.aspect.LoggingAspect - End Calling :: AuthServiceImpl :: login() :: 422 ms
2026-07-25 14:25:24.168 INFO  [main] com.enotes.aspect.LoggingAspect - End Calling :: AuthController :: login() :: 425 ms
2026-07-25 14:25:24.221 INFO  [main] com.enotes.aspect.LoggingAspect - Start Calling :: JwtServiceImpl :: extractUsername()
2026-07-25 14:25:24.261 INFO  [main] com.enotes.aspect.LoggingAspect - End Calling :: JwtServiceImpl :: extractUsername() :: 40 ms
2026-07-25 14:25:24.298 INFO  [main] com.enotes.aspect.LoggingAspect - Start Calling :: JwtServiceImpl :: validateToken()
2026-07-25 14:25:24.300 INFO  [main] com.enotes.aspect.LoggingAspect - End Calling :: JwtServiceImpl :: validateToken() :: 2 ms
2026-07-25 14:25:24.321 INFO  [main] com.enotes.aspect.LoggingAspect - Start Calling :: CategoryController :: saveCategory()
2026-07-25 14:25:24.321 INFO  [main] com.enotes.aspect.LoggingAspect - Start Calling :: CategoryServiceImpl :: saveCategory()
2026-07-25 14:25:24.332 ERROR [main] c.enotes.controller.HomeController - GlobalExceptionHandler : handleExistDataException() : Category already exists.
2026-07-25 14:25:24.373 INFO  [SpringApplicationShutdownHook] o.s.o.j.LocalContainerEntityManagerFactoryBean - Closing JPA EntityManagerFactory for persistence unit 'default'
2026-07-25 14:25:24.377 INFO  [SpringApplicationShutdownHook] com.zaxxer.hikari.HikariDataSource - HikariPool-1 - Shutdown initiated...
2026-07-25 14:25:24.387 INFO  [SpringApplicationShutdownHook] com.zaxxer.hikari.HikariDataSource - HikariPool-1 - Shutdown completed.
