2026-07-05 17:05:34.742 INFO  [main] o.s.t.c.s.AnnotationConfigContextLoaderUtils - Could not detect default configuration classes for test class [com.enotes.integration.CategoryControllerIntegrationTest]: CategoryControllerIntegrationTest does not declare any static, non-private, non-final, nested classes annotated with @Configuration.
2026-07-05 17:05:34.924 INFO  [main] o.s.b.t.c.SpringBootTestContextBootstrapper - Found @SpringBootConfiguration com.enotes.EnotesApiServiceApplication for test class com.enotes.integration.CategoryControllerIntegrationTest
2026-07-05 17:05:35.133 INFO  [main] o.s.b.d.r.RestartApplicationListener - Restart disabled due to context in which it is running
2026-07-05 17:05:35.561 INFO  [main] c.e.i.CategoryControllerIntegrationTest - Starting CategoryControllerIntegrationTest using Java 21.0.8 with PID 26316 (started by BAPURAYA MANE in E:\Spring Boot\Springboot_Workspace\enotes-api-service)
2026-07-05 17:05:35.563 INFO  [main] c.e.i.CategoryControllerIntegrationTest - The following 1 profile is active: "dev"
2026-07-05 17:05:36.134 INFO  [background-preinit] o.h.validator.internal.util.Version - HV000001: Hibernate Validator 9.0.1.Final
2026-07-05 17:05:37.558 INFO  [main] o.s.d.r.c.RepositoryConfigurationDelegate - Bootstrapping Spring Data JPA repositories in DEFAULT mode.
2026-07-05 17:05:37.662 INFO  [main] o.s.d.r.c.RepositoryConfigurationDelegate - Finished Spring Data repository scanning in 89 ms. Found 7 JPA repository interfaces.
2026-07-05 17:05:38.863 INFO  [main] org.hibernate.orm.jpa - HHH008540: Processing PersistenceUnitInfo [name: default]
2026-07-05 17:05:38.983 INFO  [main] org.hibernate.orm.core - HHH000001: Hibernate ORM core version 7.2.0.Final
2026-07-05 17:05:39.652 INFO  [main] o.s.o.j.p.SpringPersistenceUnitInfo - No LoadTimeWeaver setup: ignoring JPA class transformer
2026-07-05 17:05:39.708 INFO  [main] com.zaxxer.hikari.HikariDataSource - HikariPool-1 - Starting...
2026-07-05 17:05:40.221 INFO  [main] com.zaxxer.hikari.pool.HikariPool - HikariPool-1 - Added connection com.mysql.cj.jdbc.ConnectionImpl@2284058a
2026-07-05 17:05:40.224 INFO  [main] com.zaxxer.hikari.HikariDataSource - HikariPool-1 - Start completed.
2026-07-05 17:05:40.312 WARN  [main] org.hibernate.orm.deprecation - HHH90000025: MySQLDialect does not need to be specified explicitly using 'hibernate.dialect' (remove the property setting and it will be selected by default)
2026-07-05 17:05:40.350 INFO  [main] o.hibernate.orm.connections.pooling - HHH10001005: Database info:
	Database JDBC URL [jdbc:mysql://localhost:3306/enotes_db_dev]
	Database driver: MySQL Connector/J
	Database dialect: MySQLDialect
	Database version: 8.0.42
	Default catalog/schema: enotes_db_dev/undefined
	Autocommit mode: undefined/unknown
	Isolation level: REPEATABLE_READ [default REPEATABLE_READ]
	JDBC fetch size: none
	Pool: DataSourceConnectionProvider
	Minimum pool size: undefined/unknown
	Maximum pool size: undefined/unknown
2026-07-05 17:05:41.742 INFO  [main] org.hibernate.orm.core - HHH000489: No JTA platform available (set 'hibernate.transaction.jta.platform' to enable JTA platform integration)
2026-07-05 17:05:41.751 INFO  [main] o.s.o.j.LocalContainerEntityManagerFactoryBean - Initialized JPA EntityManagerFactory for persistence unit 'default'
2026-07-05 17:05:42.035 INFO  [main] o.s.d.j.r.q.QueryEnhancerFactories - Hibernate is in classpath; If applicable, HQL parser will be used.
2026-07-05 17:05:42.558 INFO  [main] o.s.s.c.a.a.c.InitializeAuthenticationProviderBeanManagerConfigurer$InitializeAuthenticationProviderManagerConfigurer - Global AuthenticationManager configured with AuthenticationProvider bean with name daoAuthenticationProvider
2026-07-05 17:05:42.558 WARN  [main] o.s.s.c.a.a.c.InitializeUserDetailsBeanManagerConfigurer$InitializeUserDetailsManagerConfigurer - Global AuthenticationManager configured with an AuthenticationProvider bean. UserDetailsService beans will not be used by Spring Security for automatically configuring username/password login. Consider removing the AuthenticationProvider bean. Alternatively, consider using the UserDetailsService in a manually instantiated DaoAuthenticationProvider. If the current configuration is intentional, to turn off this warning, increase the logging level of 'org.springframework.security.config.annotation.authentication.configuration.InitializeUserDetailsBeanManagerConfigurer' to ERROR
2026-07-05 17:05:44.616 WARN  [main] o.s.b.j.a.JpaBaseConfiguration$JpaWebConfiguration - spring.jpa.open-in-view is enabled by default. Therefore, database queries may be performed during view rendering. Explicitly configure spring.jpa.open-in-view to disable this warning
2026-07-05 17:05:46.534 INFO  [main] o.s.b.t.m.w.SpringBootMockServletContext - Initializing Spring TestDispatcherServlet ''
2026-07-05 17:05:46.534 INFO  [main] o.s.t.w.s.TestDispatcherServlet - Initializing Servlet ''
2026-07-05 17:05:46.550 INFO  [main] o.s.b.a.e.web.EndpointLinksResolver - Exposing 14 endpoints beneath base path '/actuator'
2026-07-05 17:05:46.586 INFO  [main] o.s.t.w.s.TestDispatcherServlet - Completed initialization in 51 ms
2026-07-05 17:05:46.705 INFO  [main] c.e.i.CategoryControllerIntegrationTest - Started CategoryControllerIntegrationTest in 11.585 seconds (process running for 13.835)
2026-07-05 17:05:47.777 INFO  [main] com.enotes.aspect.LoggingAspect - Start Calling :: AuthController :: login()
2026-07-05 17:05:47.778 INFO  [main] com.enotes.aspect.LoggingAspect - Start Calling :: AuthServiceImpl :: login()
2026-07-05 17:05:48.102 INFO  [main] com.enotes.aspect.LoggingAspect - Start Calling :: JwtServiceImpl :: generateToken()
2026-07-05 17:05:48.207 INFO  [main] com.enotes.aspect.LoggingAspect - End Calling :: JwtServiceImpl :: generateToken() :: 105 ms
2026-07-05 17:05:48.240 INFO  [main] com.enotes.aspect.LoggingAspect - End Calling :: AuthServiceImpl :: login() :: 462 ms
2026-07-05 17:05:48.242 INFO  [main] com.enotes.aspect.LoggingAspect - End Calling :: AuthController :: login() :: 464 ms
2026-07-05 17:05:48.296 INFO  [main] com.enotes.aspect.LoggingAspect - Start Calling :: JwtServiceImpl :: extractUsername()
2026-07-05 17:05:48.363 INFO  [main] com.enotes.aspect.LoggingAspect - End Calling :: JwtServiceImpl :: extractUsername() :: 66 ms
2026-07-05 17:05:48.400 INFO  [main] com.enotes.aspect.LoggingAspect - Start Calling :: JwtServiceImpl :: validateToken()
2026-07-05 17:05:48.401 INFO  [main] com.enotes.aspect.LoggingAspect - End Calling :: JwtServiceImpl :: validateToken() :: 1 ms
2026-07-05 17:05:48.417 INFO  [main] com.enotes.aspect.LoggingAspect - Start Calling :: CategoryController :: getAllCategory()
2026-07-05 17:05:48.420 INFO  [main] com.enotes.aspect.LoggingAspect - Start Calling :: CategoryServiceImpl :: getAllCategory()
2026-07-05 17:05:48.438 INFO  [main] com.enotes.aspect.LoggingAspect - End Calling :: CategoryServiceImpl :: getAllCategory() :: 18 ms
2026-07-05 17:05:48.439 INFO  [main] com.enotes.aspect.LoggingAspect - End Calling :: CategoryController :: getAllCategory() :: 22 ms
2026-07-05 17:05:48.496 INFO  [main] com.enotes.aspect.LoggingAspect - Start Calling :: AuthController :: login()
2026-07-05 17:05:48.496 INFO  [main] com.enotes.aspect.LoggingAspect - Start Calling :: AuthServiceImpl :: login()
2026-07-05 17:05:48.565 INFO  [main] com.enotes.aspect.LoggingAspect - Start Calling :: JwtServiceImpl :: generateToken()
2026-07-05 17:05:48.565 INFO  [main] com.enotes.aspect.LoggingAspect - End Calling :: JwtServiceImpl :: generateToken() :: 0 ms
2026-07-05 17:05:48.566 INFO  [main] com.enotes.aspect.LoggingAspect - End Calling :: AuthServiceImpl :: login() :: 70 ms
2026-07-05 17:05:48.566 INFO  [main] com.enotes.aspect.LoggingAspect - End Calling :: AuthController :: login() :: 70 ms
2026-07-05 17:05:48.569 INFO  [main] com.enotes.aspect.LoggingAspect - Start Calling :: JwtServiceImpl :: extractUsername()
2026-07-05 17:05:48.570 INFO  [main] com.enotes.aspect.LoggingAspect - End Calling :: JwtServiceImpl :: extractUsername() :: 1 ms
2026-07-05 17:05:48.576 INFO  [main] com.enotes.aspect.LoggingAspect - Start Calling :: JwtServiceImpl :: validateToken()
2026-07-05 17:05:48.578 INFO  [main] com.enotes.aspect.LoggingAspect - End Calling :: JwtServiceImpl :: validateToken() :: 1 ms
2026-07-05 17:05:48.581 INFO  [main] com.enotes.aspect.LoggingAspect - Start Calling :: CategoryController :: getActiveCategory()
2026-07-05 17:05:48.581 INFO  [main] com.enotes.aspect.LoggingAspect - Start Calling :: CategoryServiceImpl :: getActiveCategory()
2026-07-05 17:05:48.609 INFO  [main] com.enotes.aspect.LoggingAspect - End Calling :: CategoryServiceImpl :: getActiveCategory() :: 28 ms
2026-07-05 17:05:48.610 INFO  [main] com.enotes.aspect.LoggingAspect - End Calling :: CategoryController :: getActiveCategory() :: 29 ms
2026-07-05 17:05:48.620 INFO  [main] com.enotes.aspect.LoggingAspect - Start Calling :: AuthController :: login()
2026-07-05 17:05:48.620 INFO  [main] com.enotes.aspect.LoggingAspect - Start Calling :: AuthServiceImpl :: login()
2026-07-05 17:05:48.687 ERROR [main] c.enotes.controller.HomeController - GlobalExceptionHandler : handleBadCredentialsException() : Bad credentials
2026-07-05 17:05:48.735 INFO  [main] com.enotes.aspect.LoggingAspect - Start Calling :: AuthController :: login()
2026-07-05 17:05:48.735 INFO  [main] com.enotes.aspect.LoggingAspect - Start Calling :: AuthServiceImpl :: login()
2026-07-05 17:05:48.803 INFO  [main] com.enotes.aspect.LoggingAspect - Start Calling :: JwtServiceImpl :: generateToken()
2026-07-05 17:05:48.804 INFO  [main] com.enotes.aspect.LoggingAspect - End Calling :: JwtServiceImpl :: generateToken() :: 1 ms
2026-07-05 17:05:48.804 INFO  [main] com.enotes.aspect.LoggingAspect - End Calling :: AuthServiceImpl :: login() :: 69 ms
2026-07-05 17:05:48.805 INFO  [main] com.enotes.aspect.LoggingAspect - End Calling :: AuthController :: login() :: 70 ms
2026-07-05 17:05:48.810 INFO  [main] com.enotes.aspect.LoggingAspect - Start Calling :: JwtServiceImpl :: extractUsername()
2026-07-05 17:05:48.811 INFO  [main] com.enotes.aspect.LoggingAspect - End Calling :: JwtServiceImpl :: extractUsername() :: 1 ms
2026-07-05 17:05:48.818 INFO  [main] com.enotes.aspect.LoggingAspect - Start Calling :: JwtServiceImpl :: validateToken()
2026-07-05 17:05:48.819 INFO  [main] com.enotes.aspect.LoggingAspect - End Calling :: JwtServiceImpl :: validateToken() :: 1 ms
2026-07-05 17:05:48.826 INFO  [main] com.enotes.aspect.LoggingAspect - Start Calling :: CategoryController :: saveCategory()
2026-07-05 17:05:48.826 INFO  [main] com.enotes.aspect.LoggingAspect - Start Calling :: CategoryServiceImpl :: saveCategory()
2026-07-05 17:05:48.926 INFO  [main] com.enotes.aspect.LoggingAspect - End Calling :: CategoryServiceImpl :: saveCategory() :: 100 ms
2026-07-05 17:05:48.927 INFO  [main] com.enotes.aspect.LoggingAspect - End Calling :: CategoryController :: saveCategory() :: 101 ms
2026-07-05 17:05:48.936 INFO  [main] com.enotes.aspect.LoggingAspect - Start Calling :: AuthController :: login()
2026-07-05 17:05:48.936 INFO  [main] com.enotes.aspect.LoggingAspect - Start Calling :: AuthServiceImpl :: login()
2026-07-05 17:05:49.004 INFO  [main] com.enotes.aspect.LoggingAspect - Start Calling :: JwtServiceImpl :: generateToken()
2026-07-05 17:05:49.005 INFO  [main] com.enotes.aspect.LoggingAspect - End Calling :: JwtServiceImpl :: generateToken() :: 1 ms
2026-07-05 17:05:49.005 INFO  [main] com.enotes.aspect.LoggingAspect - End Calling :: AuthServiceImpl :: login() :: 69 ms
2026-07-05 17:05:49.005 INFO  [main] com.enotes.aspect.LoggingAspect - End Calling :: AuthController :: login() :: 69 ms
2026-07-05 17:05:49.008 INFO  [main] com.enotes.aspect.LoggingAspect - Start Calling :: JwtServiceImpl :: extractUsername()
2026-07-05 17:05:49.009 INFO  [main] com.enotes.aspect.LoggingAspect - End Calling :: JwtServiceImpl :: extractUsername() :: 1 ms
2026-07-05 17:05:49.016 INFO  [main] com.enotes.aspect.LoggingAspect - Start Calling :: JwtServiceImpl :: validateToken()
2026-07-05 17:05:49.017 INFO  [main] com.enotes.aspect.LoggingAspect - End Calling :: JwtServiceImpl :: validateToken() :: 1 ms
2026-07-05 17:05:49.020 INFO  [main] com.enotes.aspect.LoggingAspect - Start Calling :: CategoryController :: getCategoryDetailsById()
2026-07-05 17:05:49.039 INFO  [main] com.enotes.aspect.LoggingAspect - Start Calling :: CategoryServiceImpl :: getCategoryById()
2026-07-05 17:05:49.046 ERROR [main] c.enotes.controller.HomeController - GlobalExceptionHandler : handleResourceNotFoundException() : Category not found with id 1
2026-07-05 17:05:49.056 INFO  [main] com.enotes.aspect.LoggingAspect - Start Calling :: AuthController :: login()
2026-07-05 17:05:49.056 INFO  [main] com.enotes.aspect.LoggingAspect - Start Calling :: AuthServiceImpl :: login()
2026-07-05 17:05:49.120 ERROR [main] c.enotes.controller.HomeController - GlobalExceptionHandler : handleBadCredentialsException() : Bad credentials
2026-07-05 17:05:49.136 INFO  [main] com.enotes.aspect.LoggingAspect - Start Calling :: AuthController :: login()
2026-07-05 17:05:49.136 INFO  [main] com.enotes.aspect.LoggingAspect - Start Calling :: AuthServiceImpl :: login()
2026-07-05 17:05:49.201 ERROR [main] c.enotes.controller.HomeController - GlobalExceptionHandler : handleBadCredentialsException() : Bad credentials
2026-07-05 17:05:49.209 INFO  [main] com.enotes.aspect.LoggingAspect - Start Calling :: AuthController :: login()
2026-07-05 17:05:49.209 INFO  [main] com.enotes.aspect.LoggingAspect - Start Calling :: AuthServiceImpl :: login()
2026-07-05 17:05:49.276 INFO  [main] com.enotes.aspect.LoggingAspect - Start Calling :: JwtServiceImpl :: generateToken()
2026-07-05 17:05:49.277 INFO  [main] com.enotes.aspect.LoggingAspect - End Calling :: JwtServiceImpl :: generateToken() :: 1 ms
2026-07-05 17:05:49.277 INFO  [main] com.enotes.aspect.LoggingAspect - End Calling :: AuthServiceImpl :: login() :: 68 ms
2026-07-05 17:05:49.277 INFO  [main] com.enotes.aspect.LoggingAspect - End Calling :: AuthController :: login() :: 68 ms
2026-07-05 17:05:49.280 INFO  [main] com.enotes.aspect.LoggingAspect - Start Calling :: JwtServiceImpl :: extractUsername()
2026-07-05 17:05:49.281 INFO  [main] com.enotes.aspect.LoggingAspect - End Calling :: JwtServiceImpl :: extractUsername() :: 1 ms
2026-07-05 17:05:49.297 INFO  [main] com.enotes.aspect.LoggingAspect - Start Calling :: JwtServiceImpl :: validateToken()
2026-07-05 17:05:49.299 INFO  [main] com.enotes.aspect.LoggingAspect - End Calling :: JwtServiceImpl :: validateToken() :: 2 ms
2026-07-05 17:05:49.301 INFO  [main] com.enotes.aspect.LoggingAspect - Start Calling :: CategoryController :: saveCategory()
2026-07-05 17:05:49.301 INFO  [main] com.enotes.aspect.LoggingAspect - Start Calling :: CategoryServiceImpl :: saveCategory()
2026-07-05 17:05:49.302 ERROR [main] c.enotes.controller.HomeController - GlobalExceptionHandler : handleValidationException() : Validation Failed
2026-07-05 17:05:49.322 INFO  [SpringApplicationShutdownHook] o.s.o.j.LocalContainerEntityManagerFactoryBean - Closing JPA EntityManagerFactory for persistence unit 'default'
2026-07-05 17:05:49.324 INFO  [SpringApplicationShutdownHook] com.zaxxer.hikari.HikariDataSource - HikariPool-1 - Shutdown initiated...
2026-07-05 17:05:49.331 INFO  [SpringApplicationShutdownHook] com.zaxxer.hikari.HikariDataSource - HikariPool-1 - Shutdown completed.
